// Jest Snapshot v1, https://goo.gl/fbAQLP

exports[`Should match snapshot 1`] = `
<div>
  <div>
    <img
      height="300px"
    />
    <p>
       
       
    </p>
    <p>
       
    </p>
    <p>
       
       
    </p>
  </div>
</div>
`;
